**********************
Windows PowerShell transcript start
Start time: 20231026162928
Username: SANJAY\Sanjay S G
RunAs User: SANJAY\Sanjay S G
Configuration Name: 
Machine: SANJAY (Microsoft Windows NT 10.0.22621.0)
Host Application: C:\WINDOWS\System32\WindowsPowerShell\v1.0\powershell.exe -noexit -command try { . "c:\Users\Sanjay S G\AppData\Local\Programs\Microsoft VS Code\resources\app\out\vs\workbench\contrib\terminal\browser\media\shellIntegration.ps1" } catch {}
Process ID: 9608
PSVersion: 5.1.22621.2428
PSEdition: Desktop
PSCompatibleVersions: 1.0, 2.0, 3.0, 4.0, 5.0, 5.1.22621.2428
BuildVersion: 10.0.22621.2428
CLRVersion: 4.0.30319.42000
WSManStackVersion: 3.0
PSRemotingProtocolVersion: 2.3
SerializationVersion: 1.1.0.1
**********************
Transcript started, output file is c:\FPC_Advanced\fpc-advanced-classroom-1st-year-assignment-Sanjay2408\set02\problem01_session.txt
PS C:\FPC_Advanced\fpc-advanced-classroom-1st-year-assignment-Sanjay2408> gcc -g "c:\FPC_Advanced\fpc-advanced-classroom-1st-year-assignment-Sanjay2408\set02\problem01.c" -o "c:\FPC_Advanced\fpc-advanced-classroom-1st-year-assignment-Sanjay2408\set02\problem01.exe" 2>&1

PS C:\FPC_Advanced\fpc-advanced-classroom-1st-year-assignment-Sanjay2408> c:\FPC_Advanced\fpc-advanced-classroom-1st-year-assignment-Sanjay2408\set02\problem01.exe
Enter the Base and Height of the triangle
1
2
The area of the triangle with height 2.000000 and base 1.000000 is 1.000000
PS C:\FPC_Advanced\fpc-advanced-classroom-1st-year-assignment-Sanjay2408> c:\FPC_Advanced\fpc-advanced-classroom-1st-year-assignment-Sanjay2408\set02\problem01.exe
3
1
The area of the triangle with height 1.000000 and base 3.000000 is 1.500000
PS C:\FPC_Advanced\fpc-advanced-classroom-1st-year-assignment-Sanjay2408> Start-Transcript -Path "c:\FPC_Advanced\fpc-advanced-classroom-1st-year-assignment-Sanjay2408\set02\problem02_session.txt"
Transcript started, output file is c:\FPC_Advanced\fpc-advanced-classroom-1st-year-assignment-Sanjay2408\set02\problem02_session.txt
PS C:\FPC_Advanced\fpc-advanced-classroom-1st-year-assignment-Sanjay2408> gcc -g "c:\FPC_Advanced\fpc-advanced-classroom-1st-year-assignment-Sanjay2408\set02\problem02.c" -o "c:\FPC_Advanced\fpc-advanced-classroom-1st-year-assignment-Sanjay2408\set02\problem02.exe" 2>&1
gcc : c:\FPC_Advanced\fpc-advanced-classroom-1st-year-assignment-Sanjay2408\set02\problem02.c:45:2: error: expected identifier or '(' before '>' token
At line:1 char:1
+ gcc -g "c:\FPC_Advanced\fpc-advanced-classroom-1st-year-assignment-Sa ...
+ ~~~~~~~~~~~~~~~~~~~~~~~~~~~~~~~~~~~~~~~~~~~~~~~~~~~~~~~~~~~~~~~~~~~~~
    + CategoryInfo          : NotSpecified: (c:\FPC_Advanced...efore '>' token:String) [], RemoteException
    + FullyQualifiedErrorId : NativeCommandError

 }>
  ^

PS C:\FPC_Advanced\fpc-advanced-classroom-1st-year-assignment-Sanjay2408> gcc -g "c:\FPC_Advanced\fpc-advanced-classroom-1st-year-assignment-Sanjay2408\set02\problem02.c" -o "c:\FPC_Advanced\fpc-advanced-classroom-1st-year-assignment-Sanjay2408\set02\problem02.exe" 2>&1

PS C:\FPC_Advanced\fpc-advanced-classroom-1st-year-assignment-Sanjay2408> c:\FPC_Advanced\fpc-advanced-classroom-1st-year-assignment-Sanjay2408\set02\problem02.exe
The triangle with the sides 2,3 and 4 is scalene
PS C:\FPC_Advanced\fpc-advanced-classroom-1st-year-assignment-Sanjay2408> gcc -g "c:\FPC_Advanced\fpc-advanced-classroom-1st-year-assignment-Sanjay2408\set02\problem02.c" -o "c:\FPC_Advanced\fpc-advanced-classroom-1st-year-assignment-Sanjay2408\set02\problem02.exe" 2>&1

PS C:\FPC_Advanced\fpc-advanced-classroom-1st-year-assignment-Sanjay2408> c:\FPC_Advanced\fpc-advanced-classroom-1st-year-assignment-Sanjay2408\set02\problem02.exe
The triangle with the sides 2,3 and 4 is scalene
PS C:\FPC_Advanced\fpc-advanced-classroom-1st-year-assignment-Sanjay2408> c:\FPC_Advanced\fpc-advanced-classroom-1st-year-assignment-Sanjay2408\set02\problem02.exe

PS C:\FPC_Advanced\fpc-advanced-classroom-1st-year-assignment-Sanjay2408> c:\FPC_Advanced\fpc-advanced-classroom-1st-year-assignment-Sanjay2408\set02\problem02.exe

PS C:\FPC_Advanced\fpc-advanced-classroom-1st-year-assignment-Sanjay2408> c:\FPC_Advanced\fpc-advanced-classroom-1st-year-assignment-Sanjay2408\set02\problem02.exegcc -g "c:\FPC_Advanced\fpc-advanced-classroom-1st-year-assignment-Sanjay2408\set02\problem02.c" -o "c:\FPC_Advanced\fpc-advanced-classroom-1st-year-assignment-Sanjay2408\set02\problem02.exe" 2>&1
c:\FPC_Advanced\fpc-advanced-classroom-1st-year-assignment-Sanjay2408\set02\problem02.exegcc : The term 
'c:\FPC_Advanced\fpc-advanced-classroom-1st-year-assignment-Sanjay2408\set02\problem02.exegcc' is not recognized as the 
name of a cmdlet, function, script file, or operable program. Check the spelling of the name, or if a path was 
included, verify that the path is correct and try again.
At line:1 char:1
+ c:\FPC_Advanced\fpc-advanced-classroom-1st-year-assignment-Sanjay2408 ...
+ ~~~~~~~~~~~~~~~~~~~~~~~~~~~~~~~~~~~~~~~~~~~~~~~~~~~~~~~~~~~~~~~~~~~~~
    + CategoryInfo          : ObjectNotFound: (c:\FPC_Advanced...roblem02.exegcc:String) [], CommandNotFoundException
    + FullyQualifiedErrorId : CommandNotFoundException
c:\FPC_Advanced\fpc-advanced-classroom-1st-year-assignment-Sanjay2408\set02\problem02.exegcc : The term
'c:\FPC_Advanced\fpc-advanced-classroom-1st-year-assignment-Sanjay2408\set02\problem02.exegcc' is not recognized as the name of a cmdlet, function, script
file, or operable program. Check the spelling of the name, or if a path was included, verify that the path is correct and try again.
At line:1 char:1
+ c:\FPC_Advanced\fpc-advanced-classroom-1st-year-assignment-Sanjay2408 ...
+ ~~~~~~~~~~~~~~~~~~~~~~~~~~~~~~~~~~~~~~~~~~~~~~~~~~~~~~~~~~~~~~~~~~~~~
    + CategoryInfo          : ObjectNotFound: (c:\FPC_Advanced...roblem02.exegcc:String) [], CommandNotFoundException
    + FullyQualifiedErrorId : CommandNotFoundException

PS C:\FPC_Advanced\fpc-advanced-classroom-1st-year-assignment-Sanjay2408> c:\FPC_Advanced\fpc-advanced-classroom-1st-year-assignment-Sanjay2408\set02\problem02.exe
The triangle with the sides 2,2 and 2 is not scalene
PS C:\FPC_Advanced\fpc-advanced-classroom-1st-year-assignment-Sanjay2408> c:\FPC_Advanced\fpc-advanced-classroom-1st-year-assignment-Sanjay2408\set02\problem02.exe
The triangle with the sides 2,3 and 4 is scalene
PS C:\FPC_Advanced\fpc-advanced-classroom-1st-year-assignment-Sanjay2408> git add .

PS C:\FPC_Advanced\fpc-advanced-classroom-1st-year-assignment-Sanjay2408> git commit -m "committed 10/26/2023, 4:32:23 PM"

PS C:\FPC_Advanced\fpc-advanced-classroom-1st-year-assignment-Sanjay2408> git push

